error: invalid display format.
 --> $DIR/invalid_format.rs:3:11
  |
3 | #[display("{x")]
  |           ^^^^
